components/fatura/FaturaListe.tsx(38,42): error TS2322: Type '"success"' is not assignable to type 'BadgeVariant | undefined'.
components/fatura/FaturaListe.tsx(39,36): error TS2322: Type '"warning"' is not assignable to type 'BadgeVariant | undefined'.
components/fatura/FaturaListe.tsx(40,40): error TS2322: Type '"info"' is not assignable to type 'BadgeVariant | undefined'.
components/fatura/FaturaListe.tsx(41,36): error TS2322: Type '"danger"' is not assignable to type 'BadgeVariant | undefined'.
components/fatura/FaturaListe.tsx(42,42): error TS2322: Type '"neutral"' is not assignable to type 'BadgeVariant | undefined'.
components/fatura/FaturaListe.tsx(43,30): error TS2322: Type '"soft"' is not assignable to type 'BadgeVariant | undefined'.
components/proje-yonetimi/export/useExport.ts(229,30): error TS2339: Property 'getNumberOfPages' does not exist on type '{ events: PubSub; scaleFactor: number; pageSize: { width: number; getWidth: () => number; height: number; getHeight: () => number; }; pages: number[]; getEncryptor(objectId: number): (data: string) => string; }'.
components/tanimlamalar/RolYonetimi.tsx(527,23): error TS18048: 'deletingRole.kullaniciSayisi' is possibly 'undefined'.
